peptide	protein	gene.name	modified.sites	min.tukey.pval.firstprev	neg.log10.min.tukey.pval.firstprev	repA.0min	repA.2min	repA.4min	repA.8min	repA.16min	repA.32min	repA.64min	repA.128min	repB.0min	repB.2min	repB.4min	repB.8min	repB.16min	repB.32min	repB.64min	repB.128min	repC.0min	repC.2min	repC.4min	repC.8min	repC.16min	repC.32min	repC.64min	repC.128min	median.0min	median.2min	median.4min	median.8min	median.16min	median.32min	median.64min	median.128min	log2.fold.change.2min	log2.fold.change.4min	log2.fold.change.8min	log2.fold.change.16min	log2.fold.change.32min	log2.fold.change.64min	log2.fold.change.128min	tukey.pval.2min.vs.0min	tukey.pval.4min.vs.0min	tukey.pval.8min.vs.0min	tukey.pval.16min.vs.0min	tukey.pval.32min.vs.0min	tukey.pval.64min.vs.0min	tukey.pval.128min.vs.0min	tukey.pval.4min.vs.2min	tukey.pval.8min.vs.2min	tukey.pval.16min.vs.2min	tukey.pval.32min.vs.2min	tukey.pval.64min.vs.2min	tukey.pval.128min.vs.2min	tukey.pval.8min.vs.4min	tukey.pval.16min.vs.4min	tukey.pval.32min.vs.4min	tukey.pval.64min.vs.4min	tukey.pval.128min.vs.4min	tukey.pval.16min.vs.8min	tukey.pval.32min.vs.8min	tukey.pval.64min.vs.8min	tukey.pval.128min.vs.8min	tukey.pval.32min.vs.16min	tukey.pval.64min.vs.16min	tukey.pval.128min.vs.16min	tukey.pval.64min.vs.32min	tukey.pval.128min.vs.32min	tukey.pval.128min.vs.64min
K.n[305.21]AFWMAIGGDRDEIEGLS[167.00]S[167.00]DEEH.-	Q6PD74,B4DG44,Q5JPJ4,Q6AWA0	AAGAB	S310,S311	0.123920346	0.906857382	5.595681993	4.745077202	4.687385531	4.586842352	4.324074482	4.897928703	4.89292478	5.476028237	4.026449314	3.725139565	3.317154139	3.355847858	3.353052896	3.367961449	3.53276709	3.857447775	2.170386568	2.090821691	1.980451912	1.784149136	1.990091806	2.117489712	2.25095927	1.455937246	4.02645	3.72514	3.31715	3.35585	3.35305	3.36796	3.53277	3.85745	-0.112214	-0.279564	-0.26283	-0.264034	-0.257633	-0.188709	-0.061861	0.665903576	0.250718558	0.142339683	0.123920346	0.520598769	0.757405509	0.83607171	0.989312016	0.925829909	0.898486184	0.999994822	0.999999725	0.999971274	0.999934353	0.999736927	0.998857842	0.970641736	0.937510585	0.999999997	0.977861865	0.868233191	0.795942732	0.964886663	0.831473983	0.7520307	0.999844092	0.998723955	0.999999784
K.n[305.21]SSGSGSSVADERVDY[243.03]VVVDQQK[432.30].T	Q13480,B7Z3B9	GAB1	Y659	1.53001E-09	8.815306611	0.620649756	4.104203847	3.073794618	3.434388251	3.422950774	2.711834082	2.142146493	1.66544544	0.918346864	4.995472523	3.501508523	4.303171625	3.952860383	3.543862562	2.602976625	1.873411927	1.049267839	3.969719445	3.352630133	3.152843711	3.375032715	2.751797077	2.380246609	1.885394654	0.91835	4.1042	3.35263	3.43439	3.42295	2.7518	2.38025	1.87341	2.159985	1.868177	1.902938	1.898124	1.58326	1.373997	1.028551	1.53001E-09	1.70801E-07	3.46602E-08	4.33181E-08	9.24161E-07	5.7193E-05	0.006046252	0.002466653	0.042871371	0.028373388	0.000192213	2.3924E-06	1.01441E-07	0.745595923	0.8584005	0.781562057	0.006653864	6.19415E-05	0.999997036	0.100701287	0.000424384	6.58492E-06	0.147623538	0.000621917	8.9548E-06	0.100735148	0.000698061	0.164958322
-.n[305.21]MRK[432.30]ET[181.01]PPPLVPPAAR.E	Q9BQA1,B4DJP0,B4DP38	WDR77	T5	0.241322488	0.617402205	3.266943728	2.848139174	2.580625997	3.058835491	2.762461405	2.697668096	3.009962895	3.427506873	2.361142722	2.685687242	2.002113658	2.812890466	2.129056037	3.012373862	1.95748156	2.751519368	2.766786216	2.571630574	2.421172906	2.420412749	1.969960455	2.898943376	2.7952046	3.113822212	2.76679	2.68569	2.42117	2.81289	2.12906	2.89894	2.7952	3.11382	-0.04292	-0.192509	0.02384	-0.377997	0.067312	0.014738	0.170472	0.999811332	0.484909086	0.999999841	0.374909106	0.99997523	0.976976134	0.874648997	0.729534855	0.999990201	0.609189112	0.993759013	0.99941427	0.657791594	0.571276776	0.999998466	0.325800353	0.94194616	0.065178748	0.452852353	0.999659144	0.991474059	0.807205294	0.241322488	0.873490831	0.04505295	0.90308224	0.965090751	0.376327608
